// Jest Snapshot v1, https://goo.gl/fbAQLP

exports[`renders ./components/wing-blank/demo/basic.md correctly 1`] = `
<div
  style="padding:15px 0;"
>
  <div
    class="am-wingblank am-wingblank-lg"
  >
    <div
      style="background-color:#ebebef;color:#bbb;text-align:center;height:30px;line-height:30px;width:100%;"
    >
      Block
    </div>
  </div>
  <div
    class="am-whitespace am-whitespace-lg"
  />
  <div
    class="am-wingblank am-wingblank-md"
  >
    <div
      style="background-color:#ebebef;color:#bbb;text-align:center;height:30px;line-height:30px;width:100%;"
    >
      Block
    </div>
  </div>
  <div
    class="am-whitespace am-whitespace-lg"
  />
  <div
    class="am-wingblank am-wingblank-sm"
  >
    <div
      style="background-color:#ebebef;color:#bbb;text-align:center;height:30px;line-height:30px;width:100%;"
    >
      Block
    </div>
  </div>
</div>
`;
